public open class NestedLoopBranches {
    companion object {
        public fun compute(iArr: IntArray, iArrArr: Array<IntArray?>, i: Int): Int {
            var index: Int = 0
            var total: Int = 0
            while (index < iArr.size) {
                if (iArr[index] >= 0) {
                    val iArr2: IntArray? = iArrArr[index]
                    var index2: Int = 0
                    while (index2 < iArr2!!.size) {
                        val step: Int = iArr2[index2]
                        if (step == i) {
                            return total + step
                        }
                        if (step % 2 != 0) {
                            total += step
                            if (total > 1000) {
                                break
                            }
                        }
                        index2++
                    }
                    if (total > 1000) {
                        return total
                    }
                }
                index++
            }
            return total
        }
    }
}
