public open class Synchronized {
    companion object {
        private var lock: Any? = Any()

        private var counter: Int = 0

        public fun computeInSync(i: Int, i2: Int): Int {
            synchronized(Synchronized.lock!!) {
                val counter: Int = i + i2
                Synchronized.counter = counter
                return counter
            }
        }

        public fun multiExit(i: Int, i2: Int): Int {
            synchronized(Synchronized.lock!!) {
                if (i < 0) {
                    return -1
                }
                if (i2 < 0) {
                    return -2
                }
                Synchronized.counter = i + i2
            }
            return Synchronized.counter
        }

        public fun nestedSync(any: Any?, i: Int): Int {
            synchronized(Synchronized.lock!!) {
                synchronized(any!!) {
                    Synchronized.counter = i * 2
                }
            }
            return Synchronized.counter
        }

        public fun simpleSync(i: Int): Int {
            synchronized(Synchronized.lock!!) {
                Synchronized.counter = i
                return Synchronized.counter
            }
        }

        public @kotlin.jvm.Synchronized fun syncMethod(i: Int): Int {
            Synchronized.counter = i
            return Synchronized.counter
        }

        public fun syncWithCondition(i: Int): Int {
            synchronized(Synchronized.lock!!) {
                if (i <= 0) {
                    Synchronized.counter = -i
                } else {
                    Synchronized.counter = i
                }
            }
            return Synchronized.counter
        }

        public fun syncWithLoop(iArr: IntArray?): Int {
            synchronized(Synchronized.lock!!) {
                var index: Int = 0
                var counter: Int = 0
                while (index < iArr!!.size) {
                    val i: Int = counter + iArr[index]
                    index++
                    counter = i
                }
                Synchronized.counter = counter
                return counter
            }
        }

        public fun syncWithReturn(i: Int): Int {
            synchronized(Synchronized.lock!!) {
                if (i != 0) {
                    Synchronized.counter = 100 / i
                    return Synchronized.counter
                }
                return -1
            }
        }

        public fun syncWithTry(i: Int): Int {
            synchronized(Synchronized.lock!!) {
                try {
                    Synchronized.counter = 100 / i
                } catch (exception: ArithmeticException) {
                    Synchronized.counter = -1
                }
            }
            return Synchronized.counter
        }

        public fun tryWithSync(i: Int): Int {
            try {
                synchronized(Synchronized.lock!!) {
                    if (i == 0) {
                        throw RuntimeException("zero")
                    }
                    Synchronized.counter = i
                }
            } catch (exception: RuntimeException) {
                return -1
            }
            return Synchronized.counter
        }
    }
}
